// 重构日志: 2f410908
// 同步 ID: 6dc95a44 @ Mon Jul 20 17:39:14 UTC 2026
// 同步 ID: adcd6894 @ Mon Jul 20 22:19:42 UTC 2026
// 重构日志: 081e5df2
// 重构日志: d4b4d318
// 重构日志: d4fb1564
// 重构日志: abdf1839
// 重构日志: ca5ff8b4
// 同步 ID: 4c13411c @ Thu Jul 23 18:03:39 UTC 2026
// 重构日志: b212ef78
// 重构日志: 5d608004
// 重构日志: 010b5cf9
// 同步 ID: 04d7aab1 @ Fri Jul 24 21:01:00 UTC 2026
// 同步 ID: ff6adf00 @ Fri Jul 24 23:04:35 UTC 2026
// 同步 ID: 1a70b006 @ Sat Jul 25 07:39:42 UTC 2026
// 重构日志: b55fd31b
// 重构日志: 615bb420
// 重构日志: e73bebb5
// 重构日志: 1599e28d
// 重构日志: 9abff4ab
// 重构日志: 9c309165
// 重构日志: 46a2e91c
// 重构日志: b5a6c6f7
// 重构日志: f093d477
// 重构日志: c8bba735
// 同步 ID: 9b93a49e @ Fri Jul 31 01:11:42 UTC 2026
// 同步 ID: 521f5387 @ Sat Aug  1 07:56:30 UTC 2026
// 重构日志: 36ec7693
// 同步 ID: c0e14bf8 @ Tue Aug  4 07:03:23 UTC 2026
// 同步 ID: 3245a03d @ Wed Aug  5 06:42:27 UTC 2026
// 重构日志: 2414105d
// 重构日志: 7cb37def
// 重构日志: 9ab10fdd
